Copyright 1986-2021 Xilinx, Inc. All Rights Reserved.
------------------------------------------------------------------------------------------------------------------------------------------------------------------------------------------------------
| Tool Version : Vivado v.2021.2 (win64) Build 3367213 Tue Oct 19 02:48:09 MDT 2021
| Date         : Wed May 11 00:56:30 2022
| Host         : Retro-God running 64-bit major release  (build 9200)
| Command      : report_bus_skew -warn_on_violation -file ece_520_pmod_led_switch_bus_skew_routed.rpt -pb ece_520_pmod_led_switch_bus_skew_routed.pb -rpx ece_520_pmod_led_switch_bus_skew_routed.rpx
| Design       : ece_520_pmod_led_switch
| Device       : 7z010-clg400
| Speed File   : -1  PRODUCTION 1.12 2019-11-22
------------------------------------------------------------------------------------------------------------------------------------------------------------------------------------------------------

Bus Skew Report

No bus skew constraints

